0 verbose cli C:\Program Files\nodejs\node.exe C:\Users\pc\AppData\Roaming\npm\node_modules\npm\bin\npm-cli.js
1 info using npm@12.1.0
2 info using node@v24.19.0
3 silly config load:file:C:\Users\pc\AppData\Roaming\npm\node_modules\npm\npmrc
4 silly config load:file:C:\Users\pc\OneDrive\Desktop\hiremotion-web\.npmrc
5 silly config load:file:C:\Users\pc\.npmrc
6 silly config load:file:C:\Users\pc\AppData\Roaming\npm\etc\npmrc
7 verbose title npm run build:candidate
8 verbose argv "run" "build:candidate"
9 verbose logfile logs-max:10 dir:C:\Users\pc\OneDrive\Desktop\hiremotion-web\clean\_logs\2026-09-26T07_30_35_042Z-
10 verbose logfile C:\Users\pc\OneDrive\Desktop\hiremotion-web\clean\_logs\2026-09-26T07_30_35_042Z-debug-0.log
11 silly logfile start cleaning logs, removing 1 files
12 silly logfile done cleaning log files
13 notice run hiremotion-web@0.1.0 build:candidate
14 notice run vite build --config vite.config.candidate.js
15 verbose cwd C:\Users\pc\OneDrive\Desktop\hiremotion-web
16 verbose os Windows_NT 10.0.26200
17 verbose node v24.19.0
18 verbose npm  v12.1.0
19 verbose exit 0
20 info ok
