0 verbose cli C:\Program Files\nodejs\node.exe C:\Users\pc\AppData\Roaming\npm\node_modules\npm\bin\npm-cli.js
1 info using npm@12.1.0
2 info using node@v24.19.0
3 silly config load:file:C:\Users\pc\AppData\Roaming\npm\node_modules\npm\npmrc
4 silly config load:file:C:\Users\pc\OneDrive\Desktop\hiremotion-web\.npmrc
5 silly config load:file:C:\Users\pc\.npmrc
6 silly config load:file:C:\Users\pc\AppData\Roaming\npm\etc\npmrc
7 verbose title npm run build:hr
8 verbose argv "run" "build:hr"
9 verbose logfile logs-max:10 dir:C:\Users\pc\OneDrive\Desktop\hiremotion-web\clean\_logs\2026-09-25T20_39_52_883Z-
10 verbose logfile C:\Users\pc\OneDrive\Desktop\hiremotion-web\clean\_logs\2026-09-25T20_39_52_883Z-debug-0.log
11 silly logfile done cleaning log files
12 notice run hiremotion-web@0.1.0 build:hr
13 notice run vite build --config vite.config.hr.js
14 verbose cwd C:\Users\pc\OneDrive\Desktop\hiremotion-web
15 verbose os Windows_NT 10.0.26200
16 verbose node v24.19.0
17 verbose npm  v12.1.0
18 verbose exit 1
19 verbose code 1
